../Core/Src/main.c:88:6:drv8353r_read	16	static
../Core/Src/main.c:105:6:drv8353r_write	16	static
../Core/Src/main.c:112:6:delay_us	16	static
../Core/Src/main.c:123:5:main	8	static
../Core/Src/main.c:190:6:SystemClock_Config	88	static
../Core/Src/main.c:232:13:MX_SPI3_Init	8	static
../Core/Src/main.c:270:13:MX_TIM1_Init	96	static
../Core/Src/main.c:353:13:MX_TIM2_Init	32	static
../Core/Src/main.c:398:13:MX_GPIO_Init	48	static
../Core/Src/main.c:438:6:Error_Handler	4	static,ignoring_inline_asm
